Microchip MPLAB XC8 Compiler V2.32

Linker command line:

-W-3 --edf=C:\Program Files\Microchip\xc8\v2.32\pic\dat\en_msgs.txt -cn \
  -h+dist/default/production\Lab6.X.production.sym \
  --cmf=dist/default/production\Lab6.X.production.cmf -z -Q18F4520 \
  -oC:\Users\GUILHE~1\AppData\Local\Temp\xcAs6bc.4 --defsym=__MPLAB_BUILD=1 \
  -Mdist/default/production/Lab6.X.production.map -E1 -ver=XC8 Compiler \
  --acfsm=1493 -ASTACK=080h-05FFh -pstack=STACK -ACODE=00h-07FFFh \
  -ACONST=00h-07FFFh -ASMALLCONST=0600h-06FFhx122 \
  -AMEDIUMCONST=0600h-07FFFh -ACOMRAM=01h-07Fh -AABS1=00h-05FFh \
  -ABIGRAM=01h-05FFh -ARAM=080h-0FFh,0100h-01FFhx5 -ABANK0=080h-0FFh \
  -ABANK1=0100h-01FFh -ABANK2=0200h-02FFh -ABANK3=0300h-03FFh \
  -ABANK4=0400h-04FFh -ABANK5=0500h-05FFh -ASFR=0F80h-0FFFh \
  -ACONFIG=0300000h-030000Dh -AIDLOC=0200000h-0200007h \
  -AEEDATA=0F00000h-0F000FFh -peeprom_data=EEDATA \
  -preset_vec=00h,intcode,intcodelo,powerup,init -pramtop=0600h \
  -psmallconst=SMALLCONST -pmediumconst=MEDIUMCONST -pconst=CONST \
  -AFARRAM=00h-00h \
  -prdata=COMRAM,nvrram=COMRAM,nvbit=COMRAM,rbss=COMRAM,rbit=COMRAM \
  -pfarbss=FARRAM,fardata=FARRAM,nvFARRAM=FARRAM \
  -pintsave_regs=BIGRAM,bigbss=BIGRAM,bigdata=BIGRAM -pbss=RAM \
  -pidata=CODE,irdata=CODE,ibigdata=CODE,ifardata=CODE -prparam=COMRAM \
  C:\Users\GUILHE~1\AppData\Local\Temp\xcAs6bc.o \
  dist/default/production\Lab6.X.production.o 

Object code version is 3.11

Machine type is 18F4520



                Name                               Link     Load   Length Selector   Space Scale
C:\Users\GUILHE~1\AppData\Local\Temp\xcAs6bc.o
                idloc                            200000   200000        8        0       5
                config                           300000   300000        E        0       4
                init                                  0        0        4        0       0
dist/default/production\Lab6.X.production.o
                idloc                            200000   200000        8        0       5
                config                           300000   300000        E        0       4
                smallconst                          600      600       96      300       0
                text17                              DE8      DE8      17A      34B       0
                text16                             1340     1340        A      34B       0
                text15                             1336     1336        A      34B       0
                text14                             130A     130A       18      34B       0
                text13                             12D4     12D4       1C      34B       0
                text12                              B9A      B9A      24E      34B       0
                text11                              F62      F62       7E      34B       0
                text10                              94C      94C      24E      34B       0
                text9                               FE0      FE0       78      34B       0
                text8                              11A4     11A4       66      34B       0
                text7                              120A     120A       54      34B       0
                text6                              125E     125E       50      34B       0
                text5                              1322     1322       14      34B       0
                text4                              1058     1058       74      34B       0
                text3                              12AE     12AE       26      34B       0
                text2                              1138     1138       6C      34B       0
                text1                              10CC     10CC       6C      34B       0
                text0                               696      696      2B6      34B       0
                cstackCOMRAM                          1        1        F        1       1
                bssCOMRAM                            10       10        7        1       1
                cinit                              12F0     12F0       1A      34B       0

TOTAL           Name                               Link     Load   Length     Space
        CLASS   STACK          

        CLASS   CODE           
                init                                  0        0        4         0
                text17                              DE8      DE8      17A         0
                text16                             1340     1340        A         0
                text15                             1336     1336        A         0
                text14                             130A     130A       18         0
                text13                             12D4     12D4       1C         0
                text12                              B9A      B9A      24E         0
                text11                              F62      F62       7E         0
                text10                              94C      94C      24E         0
                text9                               FE0      FE0       78         0
                text8                              11A4     11A4       66         0
                text7                              120A     120A       54         0
                text6                              125E     125E       50         0
                text5                              1322     1322       14         0
                text4                              1058     1058       74         0
                text3                              12AE     12AE       26         0
                text2                              1138     1138       6C         0
                text1                              10CC     10CC       6C         0
                text0                               696      696      2B6         0
                cinit                              12F0     12F0       1A         0

        CLASS   CONST          

        CLASS   SMALLCONST     
                smallconst                          600      600       96         0

        CLASS   MEDIUMCONST    

        CLASS   COMRAM         
                cstackCOMRAM                          1        1        F         1
                bssCOMRAM                            10       10        7         1

        CLASS   ABS1           

        CLASS   BIGRAM         

        CLASS   RAM            

        CLASS   BANK0          

        CLASS   BANK1          

        CLASS   BANK2          

        CLASS   BANK3          

        CLASS   BANK4          

        CLASS   BANK5          

        CLASS   SFR            

        CLASS   CONFIG         
                config                           300000   300000        E         4

        CLASS   IDLOC          
                idloc                            200000   200000        8         5

        CLASS   EEDATA         

        CLASS   FARRAM         



SEGMENTS        Name                           Load    Length   Top    Selector   Space  Class

                reset_vec                      000000  000004  000004         0       0  CODE    
                cstackCOMRAM                   000001  000016  000017         1       1  COMRAM  
                smallconst                     000600  000096  000696       300       0  SMALLCON
                text0                          000696  000CB4  00134A       34B       0  CODE    


UNUSED ADDRESS RANGES

        Name                Unused          Largest block    Delta
        BANK0            000080-0000FF               80
        BANK1            000100-0001FF              100
        BANK2            000200-0002FF              100
        BANK3            000300-0003FF              100
        BANK4            000400-0004FF              100
        BANK5            000500-0005FF              100
        BIGRAM           000017-0005FF              5E9
        CODE             000004-0005FF              5FC
                         00134A-007FFF             6CB6
        COMRAM           000017-00007F               69
        CONST            000004-0005FF              5FC
                         00134A-007FFF             6CB6
        EEDATA           F00000-F000FF              100
        MEDIUMCONST      00134A-007FFF             6CB6
        RAM              000080-0005FF              100
        SFR              000F80-000FFF               80
        SMALLCONST       00134A-007FFF              100
        STACK            000080-0005FF              580

                                  Symbol Table

?___lwdiv                cstackCOMRAM 000001
?___wmul                 cstackCOMRAM 000001
?_kpRead                 cstackCOMRAM 000001
Delay2ms@i               cstackCOMRAM 000002
Delay40us@i              cstackCOMRAM 000001
_Delay2ms                text13       0012D4
_Delay40us               text14       00130A
_PORTA                   (abs)        000F80
_PORTB                   (abs)        000F81
_PORTC                   (abs)        000F82
_PORTCbits               (abs)        000F82
_PORTD                   (abs)        000F83
_PORTE                   (abs)        000F84
_PORTEbits               (abs)        000F84
_TRISA                   (abs)        000F92
_TRISB                   (abs)        000F93
_TRISC                   (abs)        000F94
_TRISD                   (abs)        000F95
_TRISE                   (abs)        000F96
__HRAM                   (abs)        000000
__Habs1                  abs1         000000
__Hbank0                 bank0        000000
__Hbank1                 bank1        000000
__Hbank2                 bank2        000000
__Hbank3                 bank3        000000
__Hbank4                 bank4        000000
__Hbank5                 bank5        000000
__Hbigbss                bigbss       000000
__Hbigdata               bigdata      000000
__Hbigram                bigram       000000
__Hbss                   bss          000000
__HbssCOMRAM             bssCOMRAM    000000
__Hcinit                 cinit        000000
__Hclrtext               clrtext      000000
__Hcomram                comram       000000
__Hconfig                config       30000E
__Hconst                 const        000000
__HcstackCOMRAM          cstackCOMRAM 000000
__Hdata                  data         000000
__Heeprom_data           eeprom_data  000000
__Hfarbss                farbss       000000
__Hfardata               fardata      000000
__Hibigdata              ibigdata     000000
__Hidata                 idata        000000
__Hidloc                 idloc        200008
__Hifardata              ifardata     000000
__Hinit                  init         000004
__Hintcode               intcode      000000
__Hintcode_body          intcode_body 000000
__Hintcodelo             intcodelo    000000
__Hintentry              intentry     000000
__Hintret                intret       000000
__Hintsave_regs          intsave_regs 000000
__Hirdata                irdata       000000
__Hmediumconst           mediumconst  000000
__HnvFARRAM              nvFARRAM     000000
__Hnvbit                 nvbit        000000
__Hnvrram                nvrram       000000
__Hparam                 rparam       000000
__Hpowerup               powerup      000000
__Hram                   ram          000000
__Hramtop                ramtop       000600
__Hrbit                  rbit         000000
__Hrbss                  rbss         000000
__Hrdata                 rdata        000000
__Hreset_vec             reset_vec    000000
__Hrparam                rparam       000000
__Hsfr                   sfr          000000
__Hsmallconst            smallconst   000696
__Hspace_0               (abs)        00134A
__Hspace_1               (abs)        000017
__Hspace_2               (abs)        000000
__Hspace_4               (abs)        60000E
__Hstack                 stack        000000
__Hstruct                struct       000000
__Htemp                  temp         000000
__Htext                  text         000000
__Htext0                 text0        000000
__Htext1                 text1        000000
__Htext10                text10       000000
__Htext11                text11       000000
__Htext12                text12       000000
__Htext13                text13       000000
__Htext14                text14       000000
__Htext15                text15       000000
__Htext16                text16       000000
__Htext17                text17       000000
__Htext2                 text2        000000
__Htext3                 text3        000000
__Htext4                 text4        000000
__Htext5                 text5        000000
__Htext6                 text6        000000
__Htext7                 text7        000000
__Htext8                 text8        000000
__Htext9                 text9        000000
__LRAM                   (abs)        000001
__Labs1                  abs1         000000
__Lbank0                 bank0        000000
__Lbank1                 bank1        000000
__Lbank2                 bank2        000000
__Lbank3                 bank3        000000
__Lbank4                 bank4        000000
__Lbank5                 bank5        000000
__Lbigbss                bigbss       000000
__Lbigdata               bigdata      000000
__Lbigram                bigram       000000
__Lbss                   bss          000000
__LbssCOMRAM             bssCOMRAM    000000
__Lcinit                 cinit        000000
__Lclrtext               clrtext      000000
__Lcomram                comram       000000
__Lconfig                config       000000
__Lconst                 const        000000
__LcstackCOMRAM          cstackCOMRAM 000000
__Ldata                  data         000000
__Leeprom_data           eeprom_data  000000
__Lfarbss                farbss       000000
__Lfardata               fardata      000000
__Libigdata              ibigdata     000000
__Lidata                 idata        000000
__Lidloc                 idloc        000000
__Lifardata              ifardata     000000
__Linit                  init         000000
__Lintcode               intcode      000000
__Lintcode_body          intcode_body 000000
__Lintcodelo             intcodelo    000000
__Lintentry              intentry     000000
__Lintret                intret       000000
__Lintsave_regs          intsave_regs 000000
__Lirdata                irdata       000000
__Lmediumconst           mediumconst  000000
__LnvFARRAM              nvFARRAM     000000
__Lnvbit                 nvbit        000000
__Lnvrram                nvrram       000000
__Lparam                 rparam       000000
__Lpowerup               powerup      000000
__Lram                   ram          000000
__Lramtop                ramtop       000600
__Lrbit                  rbit         000000
__Lrbss                  rbss         000000
__Lrdata                 rdata        000000
__Lreset_vec             reset_vec    000000
__Lrparam                rparam       000000
__Lsfr                   sfr          000000
__Lsmallconst            smallconst   000600
__Lspace_0               (abs)        000000
__Lspace_1               (abs)        000000
__Lspace_2               (abs)        000000
__Lspace_4               (abs)        000000
__Lstack                 stack        000000
__Lstruct                struct       000000
__Ltemp                  temp         000000
__Ltext                  text         000000
__Ltext0                 text0        000000
__Ltext1                 text1        000000
__Ltext10                text10       000000
__Ltext11                text11       000000
__Ltext12                text12       000000
__Ltext13                text13       000000
__Ltext14                text14       000000
__Ltext15                text15       000000
__Ltext16                text16       000000
__Ltext17                text17       000000
__Ltext2                 text2        000000
__Ltext3                 text3        000000
__Ltext4                 text4        000000
__Ltext5                 text5        000000
__Ltext6                 text6        000000
__Ltext7                 text7        000000
__Ltext8                 text8        000000
__Ltext9                 text9        000000
__S0                     (abs)        00134A
__S1                     (abs)        000017
__S2                     (abs)        000000
__S4                     (abs)        000000
__S5                     (abs)        000000
___inthi_sp              stack        000000
___intlo_sp              stack        000000
___lwdiv                 text4        001058
___lwdiv@counter         cstackCOMRAM 000007
___lwdiv@dividend        cstackCOMRAM 000001
___lwdiv@divisor         cstackCOMRAM 000003
___lwdiv@quotient        cstackCOMRAM 000005
___param_bank            (abs)        000000
___rparam_used           (abs)        000001
___sp                    stack        000000
___wmul                  text3        0012AE
___wmul@multiplicand     cstackCOMRAM 000003
___wmul@multiplier       cstackCOMRAM 000001
___wmul@product          cstackCOMRAM 000005
__accesstop              (abs)        000080
__activetblptr           (abs)        000001
__end_of_Delay2ms        text13       0012F0
__end_of_Delay40us       text14       001322
__end_of___lwdiv         text4        0010CC
__end_of___wmul          text3        0012D4
__end_of__initialization cinit        0012FC
__end_of_digitalWrite    text12       000DE8
__end_of_kpDebounce      text17       000F62
__end_of_kpInit          text16       00134A
__end_of_kpRead          text15       001340
__end_of_lcdCommand      text11       000FE0
__end_of_lcdData         text7        00125E
__end_of_lcdInit         text9        001058
__end_of_lcdPosition     text8        00120A
__end_of_lcdStr          text6        0012AE
__end_of_main            text0        00094C
__end_of_pinMode         text10       000B9A
__end_of_pwmInit         text5        001336
__end_of_pwmSet1         text2        0011A4
__end_of_pwmSet2         text1        001138
__initialization         cinit        0012F0
__mediumconst            mediumconst  000000
__pbssCOMRAM             bssCOMRAM    000010
__pcinit                 cinit        0012F0
__pcstackCOMRAM          cstackCOMRAM 000001
__psmallconst            smallconst   000600
__ptext0                 text0        000696
__ptext1                 text1        0010CC
__ptext10                text10       00094C
__ptext11                text11       000F62
__ptext12                text12       000B9A
__ptext13                text13       0012D4
__ptext14                text14       00130A
__ptext15                text15       001336
__ptext16                text16       001340
__ptext17                text17       000DE8
__ptext2                 text2        001138
__ptext3                 text3        0012AE
__ptext4                 text4        001058
__ptext5                 text5        001322
__ptext6                 text6        00125E
__ptext7                 text7        00120A
__ptext8                 text8        0011A4
__ptext9                 text9        000FE0
__ramtop                 ramtop       000600
__size_of_Delay2ms       (abs)        000000
__size_of_Delay40us      (abs)        000000
__size_of___lwdiv        (abs)        000000
__size_of___wmul         (abs)        000000
__size_of_digitalWrite   (abs)        000000
__size_of_kpDebounce     (abs)        000000
__size_of_kpInit         (abs)        000000
__size_of_kpRead         (abs)        000000
__size_of_lcdCommand     (abs)        000000
__size_of_lcdData        (abs)        000000
__size_of_lcdInit        (abs)        000000
__size_of_lcdPosition    (abs)        000000
__size_of_lcdStr         (abs)        000000
__size_of_main           (abs)        000000
__size_of_pinMode        (abs)        000000
__size_of_pwmInit        (abs)        000000
__size_of_pwmSet1        (abs)        000000
__size_of_pwmSet2        (abs)        000000
__smallconst             smallconst   000600
_digitalWrite            text12       000B9A
_kpDebounce              text17       000DE8
_kpInit                  text16       001340
_kpRead                  text15       001336
_lcdCommand              text11       000F62
_lcdData                 text7        00120A
_lcdInit                 text9        000FE0
_lcdPosition             text8        0011A4
_lcdStr                  text6        00125E
_main                    text0        000696
_pinMode                 text10       00094C
_pwmInit                 text5        001322
_pwmSet1                 text2        001138
_pwmSet2                 text1        0010CC
_valor                   bssCOMRAM    000014
digitalWrite@pin         cstackCOMRAM 000001
digitalWrite@value       cstackCOMRAM 000003
end_of_initialization    cinit        0012FC
intlevel0                text         000000
intlevel1                text         000000
intlevel2                text         000000
intlevel3                text         000000
isa$std                  (abs)        000001
isa$xinst                (abs)        000000
kpDebounce@i             cstackCOMRAM 00000A
kpDebounce@j             cstackCOMRAM 000009
kpDebounce@k             cstackCOMRAM 000007
kpDebounce@old_D         cstackCOMRAM 000006
kpDebounce@tempo         bssCOMRAM    000016
kpDebounce@valorAntigo   bssCOMRAM    000010
kpDebounce@valorNovo     bssCOMRAM    000012
lcdCommand@cmd           cstackCOMRAM 000008
lcdCommand@old_D         cstackCOMRAM 000007
lcdData@old_D            cstackCOMRAM 000008
lcdData@valor            cstackCOMRAM 000007
lcdPosition@coluna       cstackCOMRAM 000009
lcdPosition@comando      cstackCOMRAM 00000A
lcdPosition@linha        cstackCOMRAM 00000B
lcdStr@i                 cstackCOMRAM 00000D
lcdStr@str               cstackCOMRAM 000009
main@tecla               cstackCOMRAM 00000E
pinMode@pin              cstackCOMRAM 000001
pinMode@type             cstackCOMRAM 000003
pwmSet1@porcento         cstackCOMRAM 00000A
pwmSet1@val              cstackCOMRAM 00000B
pwmSet2@porcento         cstackCOMRAM 00000A
pwmSet2@val              cstackCOMRAM 00000B
stackhi                  (abs)        0005FF
stacklo                  (abs)        000080
start                    init         000000
start_initialization     cinit        0012F0


MODULE INFORMATION

Module		Function		Class		Link	Load	Size
keypad.c
		_kpInit        		CODE           	1340	0000	10
		_kpDebounce    		CODE           	0DE8	0000	378
		_kpRead        		CODE           	1336	0000	10

keypad.c estimated size: 398

io.c
		_digitalWrite  		CODE           	0B9A	0000	590
		_pinMode       		CODE           	094C	0000	590

io.c estimated size: 1180

pwm.c
		_pwmSet2       		CODE           	10CC	0000	108
		_pwmInit       		CODE           	1322	0000	20
		_pwmSet1       		CODE           	1138	0000	108

pwm.c estimated size: 236

C:\Program Files\Microchip\xc8\v2.32\pic\sources\c99\common\Umul16.c
		___wmul        		CODE           	12AE	0000	38

C:\Program Files\Microchip\xc8\v2.32\pic\sources\c99\common\Umul16.c estimated size: 38

shared
		__initialization		CODE           	12F0	0000	12

shared estimated size: 12

C:\Program Files\Microchip\xc8\v2.32\pic\sources\c99\common\lwdiv.c
		___lwdiv       		CODE           	1058	0000	116

C:\Program Files\Microchip\xc8\v2.32\pic\sources\c99\common\lwdiv.c estimated size: 116

lcd.c
		_lcdCommand    		CODE           	0F62	0000	126
		_lcdPosition   		CODE           	11A4	0000	102
		_Delay40us     		CODE           	130A	0000	24
		_lcdInit       		CODE           	0FE0	0000	120
		_lcdData       		CODE           	120A	0000	84
		_Delay2ms      		CODE           	12D4	0000	28
		_lcdStr        		CODE           	125E	0000	80

lcd.c estimated size: 564

main.c
		_main          		CODE           	0696	0000	694

main.c estimated size: 694

